(gdb) b main
Breakpoint 1 at 0x7c5: file p2original.c, line 25.
(gdb) r
Starting program: /home/runner/pps-test1-Shashank1726/a.out 
warning: Error disabling address space randomization: Operation not permitted

Breakpoint 1, main () at p2original.c:25
25    a = input();
(gdb) n
Enter a number: 4
26    b = input();
(gdb) n
Enter a number: 5
27    sum = add(a, b);
(gdb) n
28    output(a, b, sum);
(gdb) n
sum of 4 + 5 is 9
29    return 0;
(gdb) c
Continuing.
[Inferior 1 (process 531) exited normally]